// Jest Snapshot v1, https://goo.gl/fbAQLP

exports[`match snapshots 1`] = `
<div
  data-testid="todo-2"
>
  <div>
    <h1>
      wash car
    </h1>
  </div>
</div>
`;
